// Jest Snapshot v1, https://goo.gl/fbAQLP

exports[`pruebas en primera app  debe  mostrar <primeraApp /> correctamente  1`] = `
<Fragment>
  <h1>
    anachichi
  </h1>
  <p>
    soy un subtitulo
  </p>
</Fragment>
`;
